[www.zavodmel.ru/index.html]
[backblue.gif]
[fade.gif]
[index.html]
[www.zavodmel.ru/wp-includes/css/dist/block-library/style.min.css]
[www.zavodmel.ru/wp-content/plugins/clearfy/components/comments-plus/assets/css/url-span.css]
[www.zavodmel.ru/wp-content/plugins/contact-form-7/includes/css/styles.css]
[www.zavodmel.ru/wp-content/uploads/wtbx_custom_styles/style-custom-preloaders.css]
[www.zavodmel.ru/wp-content/themes/scape2/library/css/app.css]
[www.zavodmel.ru/feed/index.html]
[www.zavodmel.ru/wp-content/uploads/wtbx_custom_styles/style-custom-header-1.css]
[www.zavodmel.ru/wp-content/themes/scape2/library/fonts/scape-ui.min.css]
[www.zavodmel.ru/comments/feed/index.html]
[www.zavodmel.ru/wp-content/plugins/js_composer/assets/css/js_composer.min.css]
[www.zavodmel.ru/wp-includes/js/jquery/jquery.min.js]
[www.zavodmel.ru/wp-includes/js/jquery/jquery-migrate.min.js]
[www.zavodmel.ru/wp-json/wp/v2/pages/8236.json]
[www.zavodmel.ru/wp-json/index.html]
[www.zavodmel.ru/wp-json/oembed/1.0/embed3343.json]
[www.zavodmel.ru/wp-json/oembed/1.0/embedc857]
[www.zavodmel.ru/wp-content/uploads/2019/11/cropped-mel_logo_main_-1-1-32x32.png]
[www.zavodmel.ru/wp-content/uploads/2019/11/cropped-mel_logo_main_-1-1-192x192.png]
[www.zavodmel.ru/wp-content/uploads/2019/11/cropped-mel_logo_main_-1-1-180x180.png]
[mc.yandex.ru/metrika/tag.js]
[www.zavodmel.ru/wp-content/uploads/2021/03/albom-v.8.1_01.06.20_mjel.pdf]
[www.zavodmel.ru/wp-content/uploads/2020/03/vvo.pdf]
[www.zavodmel.ru/wp-content/uploads/2021/04/albom-v.8.1_01.06.20_mjel.pdf]
[www.zavodmel.ru/kompanija/index.html]
[www.zavodmel.ru/produkcija/index.html]
[www.zavodmel.ru/wp-content/uploads/2020/03/bktp-2018.pdf]
[www.zavodmel.ru/lift/index.html]
[www.zavodmel.ru/mrl/index.html]
[www.zavodmel.ru/mr/index.html]
[www.zavodmel.ru/wp-content/themes/scape2/library/css/module-hero.css]
[www.zavodmel.ru/lifty-fonda-kapitalnogo-remonta/index.html]
[www.zavodmel.ru/wp-content/themes/scape2/library/css/module-banner.css]
[www.zavodmel.ru/lifty-renovacii/index.html]
[www.zavodmel.ru/wp-content/themes/scape2/library/css/module-portfolio-common.css]
[www.zavodmel.ru/dizajn/index.html]
[www.zavodmel.ru/wp-content/themes/scape2/library/css/module-plyr.css]
[www.zavodmel.ru/opcii/index.html]
[www.zavodmel.ru/wp-content/themes/scape2/library/css/module-lightbox.css]
[www.zavodmel.ru/transformatornye-podstancii/index.html]
[www.zavodmel.ru/wp-content/themes/scape2/library/css/module-portfolio-tiles.css]
[www.zavodmel.ru/blochnye-komplektnye-transformatornye-podstancii-i-raspredelitelnye-punkty/index.html]
[www.zavodmel.ru/wp-content/themes/scape2/library/css/blog.css]
[www.zavodmel.ru/wp-content/themes/scape2/library/css/module-blog-boxed.css]
[www.zavodmel.ru/transformatornaja-podstancija-tipa-brp/index.html]
[www.zavodmel.ru/wp-content/themes/scape2/library/css/module-service.css]
[www.zavodmel.ru/vysokovoltnoe-oborudovanie/index.html]
[www.zavodmel.ru/wp-content/plugins/scape-core/include/icon-fonts/scape-devices/scape-devices.min.css]
[www.zavodmel.ru/vvo-oborudovanie-6-10-kv/index.html]
[www.zavodmel.ru/wp-content/plugins/scape-core/include/icon-fonts/scape-basic/scape-basic.min.css]
[www.zavodmel.ru/vvo-oborudovanie-20-kv/index.html]
[www.zavodmel.ru/wp-content/themes/scape2/library/css/module-listitem.css]
[www.zavodmel.ru/nizkovoltnoe-oborudovanie/index.html]
[www.zavodmel.ru/wp-content/themes/scape2/library/css/module-sicons.css]
[www.zavodmel.ru/nizkovoltnoe-oborudovanie-jashhiki/index.html]
[www.zavodmel.ru/wp-content/uploads/wtbx_custom_fonts/Stolzl-Medium/stylesheet.css]
[www.zavodmel.ru/nizkovoltnoe-oborudovanie-shhity/index.html]
[www.zavodmel.ru/wp-content/uploads/wtbx_custom_fonts/Stolzl-Regular/stylesheet.css]
[www.zavodmel.ru/nizkovoltnoe-oborudovanie-paneli/index.html]
[www.zavodmel.ru/wp-content/uploads/wtbx_custom_fonts/Stolzl-Book/stylesheet.css]
[www.zavodmel.ru/nizkovoltnoe-oborudovanie-vru/index.html]
[www.zavodmel.ru/wp-content/uploads/wtbx_custom_styles/style-custom.css]
[www.zavodmel.ru/nizkovoltnoe-oborudovanie-shkafy/index.html]
[www.zavodmel.ru/wp-content/plugins/clearfy/components/comments-plus/assets/js/url-span.js]
[www.zavodmel.ru/dlja-proektirovshhikov-lifty/index.html]
[www.zavodmel.ru/wp-includes/js/dist/vendor/regenerator-runtime.min.js]
[www.zavodmel.ru/kontakty/index.html]
[www.zavodmel.ru/wp-includes/js/dist/vendor/wp-polyfill.min.js]
[www.zavodmel.ru/portfolio/lifty-i-bktp-dlja-zhk-salarevo/index.html]
[www.zavodmel.ru/wp-content/plugins/contact-form-7/includes/js/index.js]
[www.zavodmel.ru/portfolio/lifty-dlja-zhk-oranzh-park/index.html]
[www.google.com/recaptcha/apic881.js]
[www.zavodmel.ru/portfolio/bktp-dlja-zhk-vostochnoe-butovo/index.html]
[www.zavodmel.ru/wp-content/plugins/contact-form-7/modules/recaptcha/index.js]
[www.zavodmel.ru/portfolio/renovacija/index.html]
[www.zavodmel.ru/wp-includes/js/imagesloaded.min.js]
[www.zavodmel.ru/portfolio/odincovo/index.html]
[www.zavodmel.ru/wp-content/plugins/js_composer/assets/js/dist/js_composer_front.min.js]
[www.zavodmel.ru/portfolio/jasenevaja-14/index.html]
[www.zavodmel.ru/wp-content/themes/scape2/library/js/module-pageheader.js]
[www.zavodmel.ru/za-doblestnyj-trud-v-liftovoj-otrasli/index.html]
[www.zavodmel.ru/wp-content/themes/scape2/library/js/module-parallax.js]
[www.zavodmel.ru/s-dnem-pobedy/index.html]
[www.zavodmel.ru/wp-content/themes/scape2/library/js/libs/min/plyr.min.js]
[www.zavodmel.ru/s-prazdnikom-1-maja/index.html]
[www.zavodmel.ru/wp-content/themes/scape2/library/js/libs/min/slick.min.js]
[www.zavodmel.ru/soglasie-na-obrabotku-personalnyh-dannyh/index.html]
[www.zavodmel.ru/wp-content/themes/scape2/library/js/module-grid-general.js]
[www.zavodmel.ru/wp-content/themes/scape2/library/js/libs/min/jquery.waypoints.min.js]
[www.zavodmel.ru/wp-content/themes/scape2/library/js/libs/min/lazyload.min.js]
[www.zavodmel.ru/wp-content/themes/scape2/library/js/libs/min/hammer.min.js]
[www.zavodmel.ru/wp-content/themes/scape2/library/js/libs/min/jquery.mousewheel.min.js]
[www.zavodmel.ru/wp-content/themes/scape2/library/js/libs/min/flickity.min.js]
[www.zavodmel.ru/wp-content/themes/scape2/library/js/libs/min/jquery.mega-menu.min.js]
[www.zavodmel.ru/wp-content/themes/scape2/library/js/module-videobg.js]
[www.zavodmel.ru/wp-content/themes/scape2/library/js/module-banner.js]
[www.zavodmel.ru/wp-content/themes/scape2/library/js/libs/min/isotope.min.js]
[www.zavodmel.ru/wp-content/themes/scape2/library/js/libs/min/magnific-popup.min.js]
[www.zavodmel.ru/politika-v-otnoshenii-obrabotki-personalnyh-dannyh/index.html]
[www.zavodmel.ru/wp-content/themes/scape2/library/js/module-lightbox.js]
[www.zavodmel.ru/wp-content/themes/scape2/library/js/module-modal.js]
[www.zavodmel.ru/index.html]
[www.zavodmel.ru/xmlrpc.php]
[www.zavodmel.ru/wp-includes/css/dist/block-library/style.min.css]
[www.zavodmel.ru/wp-content/plugins/clearfy/components/comments-plus/assets/css/url-span.css]
[www.zavodmel.ru/wp-content/plugins/contact-form-7/includes/css/styles.css]
[www.zavodmel.ru/wp-content/themes/scape2/library/js/app.js]
[www.zavodmel.ru/wp-content/themes/scape2/library/css/library/images/loader.gif]
[www.zavodmel.ru/wp-content/themes/scape2/library/css/app.css]
[www.zavodmel.ru/wp-content/uploads/wtbx_custom_styles/style-custom-preloaders.css]
[www.zavodmel.ru/wp-content/themes/scape2/library/fonts/fonts/scape-ui.ttf]
[www.zavodmel.ru/wp-content/themes/scape2/library/fonts/fonts/scape-ui.woff]
[www.zavodmel.ru/wp-content/themes/scape2/library/fonts/scape-ui.min.css]
[www.zavodmel.ru/wp-content/uploads/wtbx_custom_styles/style-custom-header-1.css]
[www.zavodmel.ru/wp-content/plugins/js_composer/assets/vc/alert.png]
[www.zavodmel.ru/wp-content/plugins/js_composer/assets/vc/info.png]
[www.zavodmel.ru/wp-content/plugins/js_composer/assets/vc/tick.png]
[www.zavodmel.ru/wp-content/plugins/js_composer/assets/vc/exclamation.png]
[www.zavodmel.ru/wp-content/plugins/js_composer/assets/images/icons/address-book.png]
[www.zavodmel.ru/wp-content/plugins/js_composer/assets/images/icons/alarm-clock.png]
[www.zavodmel.ru/wp-content/plugins/js_composer/assets/images/icons/anchor.png]
[www.zavodmel.ru/wp-content/plugins/js_composer/assets/images/icons/application-image.png]
[www.zavodmel.ru/wp-content/plugins/js_composer/assets/images/icons/arrow.png]
[www.zavodmel.ru/wp-content/plugins/js_composer/assets/images/icons/asterisk.png]
[www.zavodmel.ru/wp-content/plugins/js_composer/assets/images/icons/auction-hammer.png]
[www.zavodmel.ru/wp-content/plugins/js_composer/assets/images/icons/balloon.png]
[www.zavodmel.ru/wp-content/plugins/js_composer/assets/images/icons/balloon-buzz.png]
[www.zavodmel.ru/wp-content/plugins/js_composer/assets/images/icons/balloon-facebook.png]
[www.zavodmel.ru/wp-content/plugins/js_composer/assets/images/icons/balloon-twitter.png]
[www.zavodmel.ru/wp-content/plugins/js_composer/assets/images/icons/battery-full.png]
[www.zavodmel.ru/wp-content/plugins/js_composer/assets/images/icons/binocular.png]
[www.zavodmel.ru/wp-content/plugins/js_composer/assets/images/icons/blue-document-excel.png]
[www.zavodmel.ru/wp-content/plugins/js_composer/assets/images/icons/blue-document-image.png]
[www.zavodmel.ru/wp-content/plugins/js_composer/assets/images/icons/blue-document-music.png]
[www.zavodmel.ru/wp-content/plugins/js_composer/assets/images/icons/blue-document-office.png]
[www.zavodmel.ru/wp-content/plugins/js_composer/assets/images/icons/blue-document-pdf.png]
[www.zavodmel.ru/wp-content/plugins/js_composer/assets/images/icons/blue-document-powerpoint.png]
[www.zavodmel.ru/wp-content/plugins/js_composer/assets/images/icons/blue-document-word.png]
[www.zavodmel.ru/wp-content/plugins/js_composer/assets/images/icons/bookmark.png]
[www.zavodmel.ru/wp-content/plugins/js_composer/assets/images/icons/camcorder.png]
[www.zavodmel.ru/wp-content/plugins/js_composer/assets/images/icons/camera.png]
[www.zavodmel.ru/wp-content/plugins/js_composer/assets/images/icons/chart.png]
[www.zavodmel.ru/wp-content/plugins/js_composer/assets/images/icons/chart-pie.png]
[www.zavodmel.ru/wp-content/plugins/js_composer/assets/images/icons/clock.png]
[www.zavodmel.ru/wp-content/plugins/js_composer/assets/images/icons/control.png]
[www.zavodmel.ru/wp-content/plugins/js_composer/assets/images/icons/fire.png]
[www.zavodmel.ru/wp-content/plugins/js_composer/assets/images/icons/heart.png]
[www.zavodmel.ru/wp-content/plugins/js_composer/assets/images/icons/mail.png]
[www.zavodmel.ru/wp-content/plugins/js_composer/assets/images/icons/plus-shield.png]
[www.zavodmel.ru/wp-content/plugins/js_composer/assets/images/icons/video.png]
[www.zavodmel.ru/wp-content/plugins/js_composer/assets/fonts/vc_icons_v2/fonts/vcpb-plugin-iconsb82a.eot]
[www.zavodmel.ru/wp-content/plugins/js_composer/assets/fonts/vc_icons_v2/fonts/vcpb-plugin-iconsb82a.ttf]
[www.zavodmel.ru/wp-content/plugins/js_composer/assets/fonts/vc_icons_v2/fonts/vcpb-plugin-iconsb82a.woff]
[www.zavodmel.ru/wp-content/plugins/js_composer/assets/images/toggle_open.png]
[www.zavodmel.ru/wp-content/plugins/js_composer/assets/images/toggle_close.png]
[www.zavodmel.ru/wp-content/plugins/js_composer/assets/images/flickr.png]
[www.zavodmel.ru/wp-content/plugins/js_composer/assets/fonts/vc_grid/vc_grid_v157a1.eot]
[www.zavodmel.ru/wp-content/plugins/js_composer/assets/fonts/vc_grid/vc_grid_v1d41d.eot]
[www.zavodmel.ru/wp-content/plugins/js_composer/assets/fonts/vc_grid/vc_grid_v157a1.woff]
[www.zavodmel.ru/wp-content/plugins/js_composer/assets/fonts/vc_grid/vc_grid_v157a1.ttf]
[www.zavodmel.ru/wp-content/plugins/js_composer/assets/images/spinner.gif]
[www.zavodmel.ru/wp-content/plugins/js_composer/assets/vc/remove.png]
[www.zavodmel.ru/wp-content/plugins/js_composer/assets/css/js_composer.min.css]
[www.zavodmel.ru/wp-content/uploads/2019/10/MEL_logo-1.svg]
[www.zavodmel.ru/wp-json/wp/v2/pages/9263.json]
[www.zavodmel.ru/wp-json/oembed/1.0/embedd55e.json]
[www.zavodmel.ru/wp-json/oembed/1.0/embed23ec]
[www.zavodmel.ru/wp-content/uploads/2019/11/85eb07_22248a4166ba4794a5a182364b3d0f1e_mv2_d_3072_1748_s_2.jpg]
[www.zavodmel.ru/wp-content/uploads/2019/11/85eb07_22248a4166ba4794a5a182364b3d0f1e_mv2_d_3072_1748_s_2-300x271.jpg]
[www.zavodmel.ru/wp-content/uploads/2019/11/04b88b_dea717f55fe34cd49b5a8429d057c7ed_mv2_d_6654_4436_s_4_2.jpg]
[www.zavodmel.ru/wp-content/uploads/2019/11/04b88b_dea717f55fe34cd49b5a8429d057c7ed_mv2_d_6654_4436_s_4_2-300x271.jpg]
[www.zavodmel.ru/wp-content/uploads/2019/11/04b88b_9d31186e9a9648429bb23473e95a9d31_mv2_d_5514_3676_s_4_2.jpg]
[www.zavodmel.ru/wp-content/uploads/2019/11/04b88b_9d31186e9a9648429bb23473e95a9d31_mv2_d_5514_3676_s_4_2-300x271.jpg]
[www.zavodmel.ru/wp-content/uploads/2019/11/04b88b_7d5807be47b0474cbf85056ed7f670e9_mv2_d_6206_4137_s_4_2-1.jpg]
[www.zavodmel.ru/wp-content/uploads/2019/11/04b88b_7d5807be47b0474cbf85056ed7f670e9_mv2_d_6206_4137_s_4_2-1-300x271.jpg]
[www.zavodmel.ru/wp-content/uploads/2019/11/04b88b_3ae86863c82f4d6f94a208197096a972_mv2_d_6235_4157_s_4_2.jpg]
[www.zavodmel.ru/wp-content/uploads/2019/11/04b88b_3ae86863c82f4d6f94a208197096a972_mv2_d_6235_4157_s_4_2-300x271.jpg]
[www.zavodmel.ru/wp-content/uploads/2019/11/mel2-7-of-25.jpg]
[www.zavodmel.ru/wp-content/uploads/2019/11/mel2-7-of-25-200x300.jpg]
[www.zavodmel.ru/wp-content/uploads/2019/11/mel2-6-of-25.jpg]
[www.zavodmel.ru/wp-content/uploads/2019/11/mel2-6-of-25-300x200.jpg]
[www.zavodmel.ru/wp-content/uploads/2019/11/mel2-5-of-25.jpg]
[www.zavodmel.ru/wp-content/uploads/2019/11/mel2-5-of-25-200x300.jpg]
[www.zavodmel.ru/wp-content/uploads/2019/11/mel2-4-of-25.jpg]
[www.zavodmel.ru/wp-content/uploads/2019/11/mel2-4-of-25-200x300.jpg]
[www.zavodmel.ru/wp-content/uploads/2019/11/mel2-3-of-25.jpg]
[www.zavodmel.ru/wp-content/uploads/2019/11/mel2-3-of-25-200x300.jpg]
[www.zavodmel.ru/wp-content/uploads/2019/11/mel2-15-of-25.jpg]
[www.zavodmel.ru/wp-content/uploads/2019/11/mel2-15-of-25-300x200.jpg]
[www.zavodmel.ru/wp-content/uploads/2019/11/mel2-10-of-25.jpg]
[www.zavodmel.ru/wp-content/uploads/2019/11/mel2-10-of-25-200x300.jpg]
[www.zavodmel.ru/wp-content/uploads/2019/11/mel_pik-6-of-19.jpg]
[www.zavodmel.ru/wp-content/uploads/2019/11/mel_pik-6-of-19-200x300.jpg]
[www.zavodmel.ru/wp-content/uploads/2019/11/mel_pik-3-of-19.jpg]
[www.zavodmel.ru/wp-content/uploads/2019/11/mel_pik-3-of-19-200x300.jpg]
[www.zavodmel.ru/wp-content/uploads/2019/11/mel_pik-2-of-19-1.jpg]
[www.zavodmel.ru/wp-content/uploads/2019/11/mel_pik-2-of-19-1-300x200.jpg]
[www.zavodmel.ru/wp-content/uploads/2019/11/mel_pik-19-of-19.jpg]
[www.zavodmel.ru/wp-content/uploads/2019/11/mel_pik-19-of-19-300x200.jpg]
[www.zavodmel.ru/wp-content/uploads/2019/11/mel_pik-17-of-19.jpg]
[www.zavodmel.ru/wp-content/uploads/2019/11/mel_pik-17-of-19-200x300.jpg]
[www.zavodmel.ru/wp-content/uploads/2019/11/mel_pik-10-of-19.jpg]
[www.zavodmel.ru/wp-content/uploads/2019/11/mel_pik-10-of-19-300x200.jpg]
[www.zavodmel.ru/wp-content/uploads/2019/11/mel_pik-1-of-19.jpg]
[www.zavodmel.ru/wp-content/uploads/2019/11/mel_pik-1-of-19-200x300.jpg]
[www.zavodmel.ru/wp-content/uploads/2019/11/imgm8411-1.jpg]
[www.zavodmel.ru/wp-content/uploads/2019/11/imgm8411-1-200x300.jpg]
[www.zavodmel.ru/wp-content/uploads/2019/11/imgm8222-1.jpg]
[www.zavodmel.ru/wp-content/uploads/2019/11/imgm8222-1-300x200.jpg]
[www.zavodmel.ru/wp-content/uploads/2019/11/imgl9746-1.jpg]
[www.zavodmel.ru/wp-content/uploads/2019/11/imgl9746-1-200x300.jpg]
[www.zavodmel.ru/wp-content/uploads/2019/11/imgl9549-1.jpg]
[www.zavodmel.ru/wp-content/uploads/2019/11/imgl9549-1-200x300.jpg]
[www.zavodmel.ru/wp-content/uploads/2021/04/itog1_stranica_8.jpg]
[www.zavodmel.ru/wp-content/uploads/2021/04/itog1_stranica_8-318x450.jpg]
[www.zavodmel.ru/wp-content/uploads/2021/04/itog1_stranica_7.jpg]
[www.zavodmel.ru/wp-content/uploads/2021/04/itog1_stranica_7-318x450.jpg]
[www.zavodmel.ru/wp-content/uploads/2021/04/itog1_stranica_6.jpg]
[www.zavodmel.ru/wp-content/uploads/2021/04/itog1_stranica_6-318x450.jpg]
[www.zavodmel.ru/wp-content/uploads/2021/04/itog1_stranica_5.jpg]
[www.zavodmel.ru/wp-content/uploads/2021/04/itog1_stranica_5-318x450.jpg]
[www.zavodmel.ru/wp-content/uploads/2021/04/itog1_stranica_4.jpg]
[www.zavodmel.ru/wp-content/uploads/2021/04/itog1_stranica_4-318x450.jpg]
[www.zavodmel.ru/wp-content/uploads/2021/04/itog1_stranica_3.jpg]
[www.zavodmel.ru/wp-content/uploads/2021/04/itog1_stranica_3-318x450.jpg]
[www.zavodmel.ru/wp-content/uploads/2021/04/itog1_stranica_2-rotated-e1618322588913.jpg]
[www.zavodmel.ru/wp-content/uploads/2021/04/itog1_stranica_2-rotated-e1618322588913-350x450.jpg]
[www.zavodmel.ru/wp-content/uploads/2021/04/itog1_stranica_1.jpg]
[www.zavodmel.ru/wp-content/uploads/2021/04/itog1_stranica_1-318x450.jpg]
[www.zavodmel.ru/wp-content/uploads/2021/04/itog1_stranica_9.jpg]
[www.zavodmel.ru/wp-content/uploads/2021/04/itog1_stranica_9-318x450.jpg]
[www.zavodmel.ru/wp-content/uploads/2021/10/doc01877120211008083244.jpg]
[www.zavodmel.ru/wp-content/uploads/2021/10/doc01877120211008083244-318x450.jpg]
[www.zavodmel.ru/wp-content/uploads/2021/10/diplom-stroim-gorod-perm-dlja-ao-mjel-1-rotated.jpg]
[www.zavodmel.ru/wp-content/uploads/2021/10/diplom-stroim-gorod-perm-dlja-ao-mjel-1-318x450.jpg]
[www.zavodmel.ru/wp-content/uploads/2021/10/doc01877020211008083221.jpg]
[www.zavodmel.ru/wp-content/uploads/2021/10/doc01877020211008083221-318x450.jpg]
[www.zavodmel.ru/wp-content/uploads/2021/10/doc01876920211008083117.jpg]
[www.zavodmel.ru/wp-content/uploads/2021/10/doc01876920211008083117-318x450.jpg]
[www.zavodmel.ru/wp-content/themes/scape2/library/css/module-stepshor.css]
[www.zavodmel.ru/wp-content/themes/scape2/library/css/module-teammember.css]
[www.zavodmel.ru/wp-content/themes/scape2/library/css/module-imagecaption.css]
[www.zavodmel.ru/wp-content/themes/scape2/library/css/module-tour.css]
[www.zavodmel.ru/wp-content/themes/scape2/library/css/module-widgets.css]
[www.zavodmel.ru/wp-content/uploads/wtbx_custom_fonts/Stolzl-Light/stylesheet.css]
[www.zavodmel.ru/wp-content/themes/scape2/library/js/module-tabs.js]
[www.zavodmel.ru/wp-content/themes/scape2/library/js/libs/min/sticky-kit.min.js]
[www.zavodmel.ru/wp-content/themes/scape2/library/js/module-steps.js]
[www.zavodmel.ru/kompanija/index.html]
[www.zavodmel.ru/wp-content/themes/scape2/library/js/libs/min/packery.min.js]
[www.zavodmel.ru/vakansii-zavod-ao-mjel/index.html]
[www.zavodmel.ru/wp-json/wp/v2/pages/9342.json]
[www.zavodmel.ru/wp-json/oembed/1.0/embed8329.json]
[www.zavodmel.ru/wp-json/oembed/1.0/embed87d6]
[www.zavodmel.ru/produkcija/index.html]
[www.zavodmel.ru/wp-json/wp/v2/pages/9372.json]
[www.zavodmel.ru/wp-json/oembed/1.0/embed48aa.json]
[www.zavodmel.ru/wp-json/oembed/1.0/embed2ac8]
[www.zavodmel.ru/wp-content/uploads/2019/12/oprosnyj-list-dlja-zakaza-passazhirskogo-lifta.xls]
[www.zavodmel.ru/wp-content/plugins/scape-core/include/icon-fonts/scape-tech/scape-tech.min.css]
[www.zavodmel.ru/wp-content/plugins/scape-core/include/icon-fonts/scape-media/scape-media.min.css]
[www.zavodmel.ru/lift/index.html]
[www.zavodmel.ru/wp-content/plugins/scape-core/include/icon-fonts/scape-business/scape-business.min.css]
[www.zavodmel.ru/wp-json/wp/v2/pages/10424.json]
[www.zavodmel.ru/wp-json/oembed/1.0/embed4f57.json]
[www.zavodmel.ru/wp-json/oembed/1.0/embed58af]
[www.zavodmel.ru/wp-content/uploads/2020/08/icons-digits-1.png]
[www.zavodmel.ru/wp-content/uploads/2020/08/lebedka-bmp-montanari-450x339.png]
[www.zavodmel.ru/wp-content/uploads/2020/08/a.png]
[www.zavodmel.ru/wp-content/uploads/2020/08/shum-nizk.png]
[www.zavodmel.ru/wp-content/uploads/2020/08/icons-digits-2.png]
[www.zavodmel.ru/wp-content/uploads/2020/08/icons-digits-3.png]
[www.zavodmel.ru/wp-content/uploads/2020/08/bmp-400-1-1-1170x867.png]
[www.zavodmel.ru/wp-content/uploads/2020/08/bmp-630-1-1-1170x867.png]
[www.zavodmel.ru/wp-content/uploads/2020/08/bmp-1000g-1-1-1170x867.png]
[www.zavodmel.ru/wp-content/uploads/2020/08/bmp-1000sh-1-1-1170x867.png]
[www.zavodmel.ru/wp-content/plugins/ts-advanced-tables-vc/css/fonts/ts-font-awesome.css]
[www.zavodmel.ru/wp-content/plugins/ts-advanced-tables-vc/css/jquery.vcsc.admin.tablefont.min.css]
[www.zavodmel.ru/wp-content/plugins/ts-advanced-tables-vc/css/jquery.vcsc.preloaders.min.css]
[www.zavodmel.ru/wp-content/plugins/ts-advanced-tables-vc/css/jquery.vcsc.advancedtables.min.css]
[www.zavodmel.ru/wp-content/plugins/ts-advanced-tables-vc/js/jquery.vcsc.numbro.min.js]
[www.zavodmel.ru/wp-content/plugins/ts-advanced-tables-vc/js/jquery.vcsc.momentjs.min.js]
[www.zavodmel.ru/wp-content/plugins/ts-advanced-tables-vc/js/jquery.vcsc.languages.min.js]
[www.zavodmel.ru/mrl/index.html]
[www.zavodmel.ru/wp-content/plugins/ts-advanced-tables-vc/js/jquery.vcsc.advancedtables.min.js]
[www.zavodmel.ru/wp-json/wp/v2/pages/10425.json]
[www.zavodmel.ru/wp-json/oembed/1.0/embed434c.json]
[www.zavodmel.ru/wp-json/oembed/1.0/embed80d3]
[www.zavodmel.ru/wp-content/uploads/2020/08/b3a2.jpg]
[www.zavodmel.ru/wp-content/uploads/2020/07/bmp1.jpg]
[www.zavodmel.ru/wp-content/uploads/2020/08/mp-400-1.jpg]
[www.zavodmel.ru/wp-content/uploads/2020/08/mp-630.jpg]
[www.zavodmel.ru/wp-content/uploads/2020/08/mp-1000g.jpg]
[www.zavodmel.ru/wp-content/uploads/2020/08/mp-1000sh.jpg]
[www.zavodmel.ru/mr/index.html]
[www.zavodmel.ru/wp-json/wp/v2/pages/10428.json]
[www.zavodmel.ru/wp-json/oembed/1.0/embeddaba.json]
[www.zavodmel.ru/wp-json/oembed/1.0/embedb9bc]
[www.zavodmel.ru/wp-content/uploads/2020/08/b3.jpg]
[www.zavodmel.ru/lifty-fonda-kapitalnogo-remonta/index.html]
[www.zavodmel.ru/wp-json/wp/v2/pages/10430.json]
[www.zavodmel.ru/wp-json/oembed/1.0/embedff48.json]
[www.zavodmel.ru/wp-json/oembed/1.0/embede848]
[www.zavodmel.ru/wp-content/uploads/2020/08/a2.jpg]
[www.zavodmel.ru/wp-content/uploads/2020/08/a1e.jpg]
[www.zavodmel.ru/lifty-renovacii/index.html]
[www.zavodmel.ru/wp-json/wp/v2/pages/10432.json]
[www.zavodmel.ru/wp-json/oembed/1.0/embedbf53.json]
[www.zavodmel.ru/wp-json/oembed/1.0/embed7486]
[www.zavodmel.ru/dizajn/index.html]
[www.zavodmel.ru/wp-json/wp/v2/pages/10434.json]
[www.zavodmel.ru/wp-json/oembed/1.0/embed4e41.json]
[www.zavodmel.ru/wp-json/oembed/1.0/embed8fb9]
[www.zavodmel.ru/opcii/index.html]
[www.zavodmel.ru/wp-json/wp/v2/pages/9560.json]
[www.zavodmel.ru/wp-json/oembed/1.0/embed50c0.json]
[www.zavodmel.ru/wp-json/oembed/1.0/embede465]
[www.zavodmel.ru/transformatornye-podstancii/index.html]
[www.zavodmel.ru/wp-json/wp/v2/pages/9572.json]
[www.zavodmel.ru/wp-json/oembed/1.0/embed4a61.json]
[www.zavodmel.ru/wp-json/oembed/1.0/embedf0ad]
[www.zavodmel.ru/wp-content/uploads/2020/03/2-blochka-1.jpg]
[www.zavodmel.ru/wp-content/uploads/2020/03/2-blochka-1-300x200.jpg]
[www.zavodmel.ru/wp-content/uploads/2020/03/bktp-bez-razmerov-1.jpg]
[www.zavodmel.ru/wp-content/uploads/2020/03/bktp-bez-razmerov-1-300x200.jpg]
[www.zavodmel.ru/wp-content/uploads/2020/03/vnutrjanka-s-kryshej-1-1.jpg]
[www.zavodmel.ru/wp-content/uploads/2020/03/vnutrjanka-s-kryshej-1-1-300x200.jpg]
[www.zavodmel.ru/wp-content/uploads/2020/03/vnutrjanka-1.jpg]
[www.zavodmel.ru/wp-content/uploads/2020/03/vnutrjanka-1-300x200.jpg]
[www.zavodmel.ru/wp-content/uploads/2020/03/odnoblochka-1.jpg]
[www.zavodmel.ru/wp-content/uploads/2020/03/odnoblochka-1-300x200.jpg]
[www.zavodmel.ru/wp-content/uploads/2020/03/paravozik-1.jpg]
[www.zavodmel.ru/wp-content/uploads/2020/03/paravozik-1-300x200.jpg]
[www.zavodmel.ru/wp-content/uploads/2020/03/prijamok-1-1.jpg]
[www.zavodmel.ru/wp-content/uploads/2020/03/prijamok-1-1-300x200.jpg]
[www.zavodmel.ru/blochnye-komplektnye-transformatornye-podstancii-i-raspredelitelnye-punkty/index.html]
[www.zavodmel.ru/wp-json/wp/v2/pages/11208.json]
[www.zavodmel.ru/wp-json/oembed/1.0/embed2147.json]
[www.zavodmel.ru/wp-json/oembed/1.0/embed37c4]
[www.zavodmel.ru/transformatornaja-podstancija-tipa-brp/index.html]
[www.zavodmel.ru/wp-json/wp/v2/pages/9583.json]
[www.zavodmel.ru/wp-json/oembed/1.0/embed8434.json]
[www.zavodmel.ru/wp-json/oembed/1.0/embed1d1d]
[www.zavodmel.ru/vysokovoltnoe-oborudovanie/index.html]
[www.zavodmel.ru/wp-json/wp/v2/pages/10851.json]
[www.zavodmel.ru/wp-json/oembed/1.0/embed4250.json]
[www.zavodmel.ru/wp-json/oembed/1.0/embedf234]
[www.zavodmel.ru/wp-content/uploads/2020/02/123.jpg]
[www.zavodmel.ru/wp-content/uploads/2021/08/krun1.png]
[www.zavodmel.ru/wp-content/uploads/2021/08/krun2.jpg]
[www.zavodmel.ru/vvo-oborudovanie-6-10-kv/index.html]
[www.zavodmel.ru/wp-json/wp/v2/pages/11188.json]
[www.zavodmel.ru/wp-json/oembed/1.0/embeddef1.json]
[www.zavodmel.ru/wp-json/oembed/1.0/embed0b0a]
[www.zavodmel.ru/vvo-oborudovanie-20-kv/index.html]
[www.zavodmel.ru/wp-json/wp/v2/pages/9625.json]
[www.zavodmel.ru/wp-json/oembed/1.0/embeda2c6.json]
[www.zavodmel.ru/wp-json/oembed/1.0/embed0ee1]
[www.zavodmel.ru/nizkovoltnoe-oborudovanie/index.html]
[www.zavodmel.ru/wp-content/uploads/2020/03/albom-zjem-mjel_01.03.20-1.pdf]
[www.zavodmel.ru/wp-json/wp/v2/pages/10037.json]
[www.zavodmel.ru/wp-json/oembed/1.0/embed942e.json]
[www.zavodmel.ru/wp-json/oembed/1.0/embeda2a0]
[www.zavodmel.ru/nizkovoltnoe-oborudovanie-jashhiki/index.html]
[www.zavodmel.ru/wp-json/wp/v2/pages/10038.json]
[www.zavodmel.ru/wp-json/oembed/1.0/embed6ace.json]
[www.zavodmel.ru/wp-json/oembed/1.0/embedd5bd]
[www.zavodmel.ru/nizkovoltnoe-oborudovanie-shhity/index.html]
[www.zavodmel.ru/wp-json/wp/v2/pages/10036.json]
[www.zavodmel.ru/wp-json/oembed/1.0/embedfa20.json]
[www.zavodmel.ru/wp-json/oembed/1.0/embed5b2d]
[www.zavodmel.ru/nizkovoltnoe-oborudovanie-paneli/index.html]
[www.zavodmel.ru/wp-json/wp/v2/pages/10102.json]
[www.zavodmel.ru/wp-json/oembed/1.0/embed5b6c.json]
[www.zavodmel.ru/wp-json/oembed/1.0/embed9673]
[www.zavodmel.ru/nizkovoltnoe-oborudovanie-vru/index.html]
[www.zavodmel.ru/wp-json/wp/v2/pages/10035.json]
[www.zavodmel.ru/wp-json/oembed/1.0/embed7654.json]
[www.zavodmel.ru/wp-json/oembed/1.0/embeda236]
[www.zavodmel.ru/nizkovoltnoe-oborudovanie-shkafy/index.html]
[www.zavodmel.ru/wp-json/wp/v2/pages/10173.json]
[www.zavodmel.ru/wp-json/oembed/1.0/embeddf76.json]
[www.zavodmel.ru/wp-json/oembed/1.0/embeda7b8]
[www.zavodmel.ru/wp-content/uploads/2021/09/400-bmp.zip]
[www.zavodmel.ru/wp-content/uploads/2021/09/630-bmp.zip]
[www.zavodmel.ru/wp-content/uploads/2021/09/1000-bmp.zip]
[www.zavodmel.ru/wp-content/uploads/2021/09/400-mp.zip]
[www.zavodmel.ru/wp-content/uploads/2021/09/630-mp.zip]
[www.zavodmel.ru/dlja-proektirovshhikov-lifty/index.html]
[www.zavodmel.ru/wp-content/uploads/2021/09/1000-mp.zip]
[www.zavodmel.ru/wp-json/wp/v2/pages/2928.json]
[www.zavodmel.ru/wp-json/oembed/1.0/embedc324.json]
[www.zavodmel.ru/wp-json/oembed/1.0/embed72dc]
[www.zavodmel.ru/kontakty/index.html]
[www.zavodmel.ru/wp-content/themes/scape2/library/css/portfolio.css]
[www.zavodmel.ru/wp-content/themes/scape2/library/css/module-share.css]
[www.zavodmel.ru/wp-json/oembed/1.0/embed8738.json]
[www.zavodmel.ru/wp-json/oembed/1.0/embedb135]
[www.zavodmel.ru/portfolio/lifty-i-bktp-dlja-zhk-salarevo/index.html]
[www.zavodmel.ru/wp-json/oembed/1.0/embed31d6.json]
[www.zavodmel.ru/portfolio/index.html]
[www.zavodmel.ru/wp-json/oembed/1.0/embed70b6]
[www.zavodmel.ru/portfolio/lifty-dlja-zhk-oranzh-park/index.html]
[www.zavodmel.ru/wp-json/oembed/1.0/embed71bc.json]
[www.zavodmel.ru/wp-json/oembed/1.0/embed9620]
[www.zavodmel.ru/portfolio/bktp-dlja-zhk-vostochnoe-butovo/index.html]
[www.zavodmel.ru/wp-json/oembed/1.0/embed9b10.json]
[www.zavodmel.ru/wp-json/oembed/1.0/embed2a14]
[www.zavodmel.ru/portfolio/renovacija/index.html]
[www.zavodmel.ru/wp-json/oembed/1.0/embeda57c.json]
[www.zavodmel.ru/wp-json/oembed/1.0/embed9858]
[www.zavodmel.ru/portfolio/odincovo/index.html]
[www.zavodmel.ru/wp-json/oembed/1.0/embed2bbd.json]
[www.zavodmel.ru/wp-json/oembed/1.0/embed00c0]
[www.zavodmel.ru/portfolio/jasenevaja-14/index.html]
[www.zavodmel.ru/wp-json/wp/v2/posts/11440.json]
[www.zavodmel.ru/wp-json/oembed/1.0/embed6218.json]
[www.zavodmel.ru/wp-json/oembed/1.0/embed02cb]
[www.zavodmel.ru/za-doblestnyj-trud-v-liftovoj-otrasli/index.html]
[www.zavodmel.ru/jekspozicija-kabiny-lifta-mjel-na-vystavke-o-programme-renovacii-v-moskve/index.html]
[www.zavodmel.ru/blog/index.html]
[www.zavodmel.ru/category/lifty-i-liftovoe-oborudovanie/index.html]
[www.zavodmel.ru/category/sobytija/index.html]
[www.zavodmel.ru/wp-json/wp/v2/posts/11434.json]
[www.zavodmel.ru/11393-2/index.html]
[www.zavodmel.ru/zavod-mjel-otkryl-vystavochnyj-sezon-uchastiem-v-sibbuilding-week/index.html]
[www.zavodmel.ru/category/uncategorized/index.html]
[www.zavodmel.ru/konferencija-dilerov-ao-mjel-2021/index.html]
[www.zavodmel.ru/wp-json/oembed/1.0/embedcaaf.json]
[www.zavodmel.ru/wp-json/oembed/1.0/embed0ad2]
[www.zavodmel.ru/s-dnem-pobedy/index.html]
[www.zavodmel.ru/category/prazdniki/index.html]
[www.zavodmel.ru/ao-mjel-pozdravljaet-vseh-zhenshhin-s-mezhdunarodnym-zhenskim-dnem-8-marta/index.html]
[www.zavodmel.ru/11426-2/index.html]
[www.zavodmel.ru/11395-2/index.html]
[www.zavodmel.ru/wp-json/wp/v2/posts/11431.json]
[www.zavodmel.ru/wp-json/oembed/1.0/embed6262.json]
[www.zavodmel.ru/wp-json/oembed/1.0/embed5a34]
[www.zavodmel.ru/s-prazdnikom-1-maja/index.html]
[www.zavodmel.ru/zavod-mjel-pozdravljaet-s-dnem-rabotnika-liftovogo-hozjajstva/index.html]
[www.zavodmel.ru/wp-json/wp/v2/pages/9715.json]
[www.zavodmel.ru/wp-json/oembed/1.0/embeddd3d.json]
[www.zavodmel.ru/wp-json/oembed/1.0/embed8c53]
[www.zavodmel.ru/soglasie-na-obrabotku-personalnyh-dannyh/index.html]
[www.zavodmel.ru/wp-json/wp/v2/pages/9717.json]
[www.zavodmel.ru/wp-json/oembed/1.0/embed3216.json]
[www.zavodmel.ru/wp-json/oembed/1.0/embed81bf]
[www.zavodmel.ru/politika-v-otnoshenii-obrabotki-personalnyh-dannyh/index.html]
[www.zavodmel.ru/wp-content/themes/scape2/library/css/module-hero.css]
[www.zavodmel.ru/wp-content/themes/scape2/library/css/module-banner.css]
[www.zavodmel.ru/wp-content/themes/scape2/library/css/module-portfolio-common.css]
[www.zavodmel.ru/wp-content/themes/scape2/library/css/module-plyr.css]
[www.zavodmel.ru/wp-content/themes/scape2/library/css/module-lightbox.css]
[www.zavodmel.ru/wp-content/themes/scape2/library/css/module-portfolio-tiles.css]
[www.zavodmel.ru/wp-content/themes/scape2/library/css/blog.css]
[www.zavodmel.ru/wp-content/themes/scape2/library/css/module-blog-boxed.css]
[www.zavodmel.ru/wp-content/themes/scape2/library/css/module-service.css]
[www.zavodmel.ru/wp-content/plugins/scape-core/include/icon-fonts/scape-devices/fonts/scape-devices.ttf]
[www.zavodmel.ru/wp-content/plugins/scape-core/include/icon-fonts/scape-devices/fonts/scape-devices.woff]
[www.zavodmel.ru/wp-content/plugins/scape-core/include/icon-fonts/scape-devices/scape-devices.min.css]
[www.zavodmel.ru/wp-content/plugins/scape-core/include/icon-fonts/scape-basic/fonts/scape-basic.ttf]
[www.zavodmel.ru/wp-content/plugins/scape-core/include/icon-fonts/scape-basic/fonts/scape-basic.woff]
[www.zavodmel.ru/wp-content/plugins/scape-core/include/icon-fonts/scape-basic/scape-basic.min.css]
[www.zavodmel.ru/wp-content/themes/scape2/library/css/module-listitem.css]
[www.zavodmel.ru/wp-content/themes/scape2/library/css/module-sicons.css]
[www.zavodmel.ru/wp-content/uploads/wtbx_custom_fonts/Stolzl-Medium/The-Northern-Block-Ltd-Stolzl-Medium.ttf]
[www.zavodmel.ru/wp-content/uploads/wtbx_custom_fonts/Stolzl-Medium/stylesheet.css]
[www.zavodmel.ru/wp-content/uploads/wtbx_custom_fonts/Stolzl-Regular/The-Northern-Block-Ltd-Stolzl-Regular.ttf]
[www.zavodmel.ru/wp-content/uploads/wtbx_custom_fonts/Stolzl-Regular/stylesheet.css]
[www.zavodmel.ru/wp-content/uploads/wtbx_custom_fonts/Stolzl-Book/The-Northern-Block-Ltd-Stolzl-Book.ttf]
[www.zavodmel.ru/wp-content/uploads/wtbx_custom_fonts/Stolzl-Book/stylesheet.css]
[www.zavodmel.ru/wp-content/uploads/wtbx_custom_styles/style-custom.css]
[www.zavodmel.ru/wp-content/themes/scape2/library/css/library/images/loader.html]
[www.zavodmel.ru/wp-content/themes/scape2/library/fonts/fonts/scape-ui.svg]
[www.zavodmel.ru/wp-content/plugins/js_composer/assets/fonts/vc_icons_v2/fonts/vcpb-plugin-iconsb82a.svg]
[www.zavodmel.ru/wp-content/plugins/js_composer/assets/vc/blur.svg]
[www.zavodmel.ru/wp-content/plugins/js_composer/assets/fonts/vc_grid/vc_grid_v157a1.svg]
[www.zavodmel.ru/wp-json/wp/v2/pages/11445.json]
[www.zavodmel.ru/wp-json/oembed/1.0/embedf770.json]
[www.zavodmel.ru/wp-json/oembed/1.0/embed117e]
[www.zavodmel.ru/vakansii-zavod-ao-mjel/index.html]
[www.zavodmel.ru/wp-content/themes/scape2/library/css/module-stepshor.css]
[www.zavodmel.ru/wp-content/themes/scape2/library/css/module-teammember.css]
[www.zavodmel.ru/wp-content/themes/scape2/library/css/module-imagecaption.css]
[www.zavodmel.ru/wp-content/themes/scape2/library/css/module-tour.css]
[www.zavodmel.ru/wp-content/themes/scape2/library/css/module-widgets.css]
[www.zavodmel.ru/wp-content/uploads/wtbx_custom_fonts/Stolzl-Light/stylesheet.css]
[www.zavodmel.ru/wp-content/uploads/wtbx_custom_fonts/Stolzl-Light/The-Northern-Block-Ltd-Stolzl-Light.ttf]
[www.zavodmel.ru/wp-content/plugins/scape-core/include/icon-fonts/scape-tech/fonts/scape-tech.ttf]
[www.zavodmel.ru/wp-content/plugins/scape-core/include/icon-fonts/scape-tech/fonts/scape-tech.woff]
[www.zavodmel.ru/wp-content/plugins/scape-core/include/icon-fonts/scape-tech/scape-tech.min.css]
[www.zavodmel.ru/wp-content/plugins/scape-core/include/icon-fonts/scape-media/fonts/scape-media.ttf]
[www.zavodmel.ru/wp-content/plugins/scape-core/include/icon-fonts/scape-media/fonts/scape-media.woff]
[www.zavodmel.ru/wp-content/plugins/scape-core/include/icon-fonts/scape-media/scape-media.min.css]
[www.zavodmel.ru/wp-content/plugins/scape-core/include/icon-fonts/scape-business/fonts/scape-business.ttf]
[www.zavodmel.ru/wp-content/plugins/scape-core/include/icon-fonts/scape-business/scape-business.min.css]
[www.zavodmel.ru/wp-content/plugins/scape-core/include/icon-fonts/scape-business/fonts/scape-business.woff]
[www.zavodmel.ru/wp-content/plugins/ts-advanced-tables-vc/fonts/awesome-icons/fontawesomed41d.eot]
[www.zavodmel.ru/wp-content/plugins/ts-advanced-tables-vc/fonts/awesome-icons/fontawesome.woff]
[www.zavodmel.ru/wp-content/plugins/ts-advanced-tables-vc/fonts/awesome-icons/fontawesome.ttf]
[www.zavodmel.ru/wp-content/plugins/ts-advanced-tables-vc/css/fonts/ts-font-awesome.css]
[www.zavodmel.ru/wp-content/plugins/ts-advanced-tables-vc/fonts/tableeditor-icons/tableeditor0cfc.eot]
[www.zavodmel.ru/wp-content/plugins/ts-advanced-tables-vc/fonts/tableeditor-icons/tableeditor0cfc.ttf]
[www.zavodmel.ru/wp-content/plugins/ts-advanced-tables-vc/fonts/tableeditor-icons/tableeditor0cfc.woff]
[www.zavodmel.ru/wp-content/plugins/ts-advanced-tables-vc/css/jquery.vcsc.admin.tablefont.min.css]
[www.zavodmel.ru/wp-content/plugins/ts-advanced-tables-vc/css/other/ajax_loader.gif]
[www.zavodmel.ru/wp-content/plugins/ts-advanced-tables-vc/css/jquery.vcsc.preloaders.min.css]
[www.zavodmel.ru/wp-content/plugins/ts-advanced-tables-vc/css/jquery.vcsc.advancedtables.min.css]
[www.zavodmel.ru/wp-content/themes/scape2/library/css/portfolio.css]
[www.zavodmel.ru/wp-content/themes/scape2/library/css/module-share.css]
[www.zavodmel.ru/wp-content/themes/scape2/library/css/module-filter.css]
[www.zavodmel.ru/portfolio/index.html]
[www.zavodmel.ru/wp-content/themes/scape2/library/css/module-portfolio-square.css]
[www.zavodmel.ru/portfolio/feed/index.html]
[www.zavodmel.ru/11415-2/index.html]
[www.zavodmel.ru/category/bktp-i-vvo/index.html]
[www.zavodmel.ru/wp-content/themes/scape2/library/css/module-blog-default.css]
[www.zavodmel.ru/blog/index.html]
[www.zavodmel.ru/wp-content/themes/scape2/library/js/module-blog-default.js]
[www.zavodmel.ru/blog/page/3/index.html]
[www.zavodmel.ru/wp-json/wp/v2/posts/11421.json]
[www.zavodmel.ru/blog/page/2/index.html]
[www.zavodmel.ru/blog/page/4/index.html]
[www.zavodmel.ru/wp-json/oembed/1.0/embed7275.json]
[www.zavodmel.ru/wp-json/oembed/1.0/embed7c6b]
[www.zavodmel.ru/jekspozicija-kabiny-lifta-mjel-na-vystavke-o-programme-renovacii-v-moskve/index.html]
[www.zavodmel.ru/wp-json/wp/v2/categories/86.json]
[www.zavodmel.ru/category/lifty-i-liftovoe-oborudovanie/feed/index.html]
[www.zavodmel.ru/skorostnye-lifty-v-serijnom-proizvodstve/index.html]
[www.zavodmel.ru/net-predela-sovershenstvu/index.html]
[www.zavodmel.ru/lift-samyj-bezopasnyj-transport-v-mire/index.html]
[www.zavodmel.ru/rubitek-mjel-intellektualnyj-vyzov-lifta/index.html]
[www.zavodmel.ru/den-stroitelja/index.html]
[www.zavodmel.ru/v-chem-sekret-mnogoletnego-uspeha-zavoda-mjel/index.html]
[www.zavodmel.ru/category/lifty-i-liftovoe-oborudovanie/index.html]
[www.zavodmel.ru/osnashhenie-zdanij-programmy-renovacii-liftami-kompanii-mjel/index.html]
[www.zavodmel.ru/wp-json/wp/v2/categories/87.json]
[www.zavodmel.ru/category/sobytija/feed/index.html]
[www.zavodmel.ru/pozdravljaem-s-jubileem/index.html]
[www.zavodmel.ru/category/sobytija/index.html]
[www.zavodmel.ru/obnovlenie-zavoda-mjel-prodolzhaetsja/index.html]
[www.zavodmel.ru/wp-json/wp/v2/posts/11393.json]
[www.zavodmel.ru/wp-json/oembed/1.0/embeda5cf.json]
[www.zavodmel.ru/wp-json/oembed/1.0/embedac6b]
[www.zavodmel.ru/11393-2/index.html]
[www.zavodmel.ru/wp-json/wp/v2/posts/11388.json]
[www.zavodmel.ru/wp-json/oembed/1.0/embedb4b9.json]
[www.zavodmel.ru/wp-json/oembed/1.0/embede74b]
[www.zavodmel.ru/zavod-mjel-otkryl-vystavochnyj-sezon-uchastiem-v-sibbuilding-week/index.html]
[www.zavodmel.ru/wp-json/wp/v2/categories/1.json]
[www.zavodmel.ru/category/uncategorized/feed/index.html]
[www.zavodmel.ru/v-ramkah-vystavki-raw-2021-zavod-mjel-prinjal-uchastie-v-konkurse-proizvoditelej-liftovogo-oborudovanija/index.html]
[www.zavodmel.ru/jeto-10-ja-russian-elevator-week/index.html]
[www.zavodmel.ru/konec-fevralja-vydalsja-produktivnym-jarkim-fin/index.html]
[www.zavodmel.ru/ne-snizhaem-aktivnost-posle-vystavok/index.html]
[www.zavodmel.ru/vesennij-forum-zhkh-v-ufe/index.html]
[www.zavodmel.ru/s-dnem-jenergetika/index.html]
[www.zavodmel.ru/category/uncategorized/index.html]
[www.zavodmel.ru/x-vserossijskij-sezd-rabotnikov-liftovogo-kompleksa/index.html]
[www.zavodmel.ru/wp-json/wp/v2/posts/11345.json]
[www.zavodmel.ru/category/uncategorized/page/2/index.html]
[www.zavodmel.ru/wp-json/oembed/1.0/embed873b.json]
[www.zavodmel.ru/wp-json/oembed/1.0/embeda917]
[www.zavodmel.ru/konferencija-dilerov-ao-mjel-2021/index.html]
[www.zavodmel.ru/sovremennye-reshenija-dlja-gorodskih-jelektricheskih-setej/index.html]
[www.zavodmel.ru/wp-json/wp/v2/categories/81.json]
[www.zavodmel.ru/category/prazdniki/feed/index.html]
[www.zavodmel.ru/zavod-ao-mjel-pozdravljaet-s-novym-godom-i-rozhdestvom/index.html]
[www.zavodmel.ru/category/prazdniki/index.html]
[www.zavodmel.ru/den-narodnogo-edinstva/index.html]
[www.zavodmel.ru/wp-json/wp/v2/posts/11426.json]
[www.zavodmel.ru/wp-json/oembed/1.0/embed82fc.json]
[www.zavodmel.ru/wp-json/oembed/1.0/embedf6ac]
[www.zavodmel.ru/11426-2/index.html]
[www.zavodmel.ru/wp-json/wp/v2/posts/11407.json]
[www.zavodmel.ru/wp-json/oembed/1.0/embed0ba9.json]
[www.zavodmel.ru/wp-json/oembed/1.0/embed709e]
[www.zavodmel.ru/ao-mjel-pozdravljaet-vseh-zhenshhin-s-mezhdunarodnym-zhenskim-dnem-8-marta/index.html]
[www.zavodmel.ru/wp-json/wp/v2/posts/11395.json]
[www.zavodmel.ru/wp-json/oembed/1.0/embedf3f1.json]
[www.zavodmel.ru/wp-json/oembed/1.0/embed15b5]
[www.zavodmel.ru/11395-2/index.html]
[www.zavodmel.ru/wp-json/wp/v2/posts/11379.json]
[www.zavodmel.ru/wp-json/oembed/1.0/embedecd5.json]
[www.zavodmel.ru/wp-json/oembed/1.0/embedede3]
[www.zavodmel.ru/zavod-mjel-pozdravljaet-s-dnem-rabotnika-liftovogo-hozjajstva/index.html]
[www.zavodmel.ru/wp-content/plugins/scape-core/include/icon-fonts/scape-devices/fonts/scape-devices.svg]
[www.zavodmel.ru/wp-content/plugins/scape-core/include/icon-fonts/scape-basic/fonts/scape-basic.svg]
[www.zavodmel.ru/wp-content/plugins/scape-core/include/icon-fonts/scape-tech/fonts/scape-tech.svg]
[www.zavodmel.ru/wp-content/plugins/scape-core/include/icon-fonts/scape-media/fonts/scape-media.svg]
[www.zavodmel.ru/wp-content/plugins/scape-core/include/icon-fonts/scape-business/fonts/scape-business.svg]
[www.zavodmel.ru/wp-content/plugins/ts-advanced-tables-vc/fonts/awesome-icons/fontawesome.svg]
[www.zavodmel.ru/wp-content/plugins/ts-advanced-tables-vc/fonts/tableeditor-icons/tableeditor0cfc.svg]
[www.zavodmel.ru/wp-content/themes/scape2/library/css/module-filter.css]
[www.zavodmel.ru/wp-content/themes/scape2/library/css/module-portfolio-square.css]
[www.zavodmel.ru/author/korobitsinaes/index.html]
[www.zavodmel.ru/novaja-razrabotka-ao-mjel-shkaf-s-avtotransformatorom-2/index.html]
[www.zavodmel.ru/wp-json/wp/v2/posts/11415.json]
[www.zavodmel.ru/wp-json/oembed/1.0/embedd050.json]
[www.zavodmel.ru/wp-json/oembed/1.0/embed47e5]
[www.zavodmel.ru/11415-2/index.html]
[www.zavodmel.ru/wp-json/wp/v2/categories/84.json]
[www.zavodmel.ru/category/bktp-i-vvo/feed/index.html]
[www.zavodmel.ru/category/bktp-i-vvo/index.html]
[www.zavodmel.ru/category/nvo/index.html]
[www.zavodmel.ru/blog/page/2/index.html]
[www.zavodmel.ru/blog/page/3/index.html]
[www.zavodmel.ru/kzhgt-rasshirjaet-granicy-socialnogo-partnerstva/index.html]
[www.zavodmel.ru/blog/page/4/index.html]
[www.zavodmel.ru/wp-content/themes/scape2/library/css/module-blog-default.css]
[www.zavodmel.ru/2020-100plus/index.html]
[www.zavodmel.ru/wp-json/wp/v2/posts/11350.json]
[www.zavodmel.ru/wp-json/oembed/1.0/embed1fb3.json]
[www.zavodmel.ru/wp-json/oembed/1.0/embed4241]
[www.zavodmel.ru/skorostnye-lifty-v-serijnom-proizvodstve/index.html]
[www.zavodmel.ru/wp-json/wp/v2/posts/11312.json]
[www.zavodmel.ru/wp-json/oembed/1.0/embed6a11.json]
[www.zavodmel.ru/wp-json/oembed/1.0/embedad51]
[www.zavodmel.ru/net-predela-sovershenstvu/index.html]
[www.zavodmel.ru/wp-json/wp/v2/posts/11283.json]
[www.zavodmel.ru/wp-json/oembed/1.0/embed5bfb.json]
[www.zavodmel.ru/wp-json/oembed/1.0/embedfaa3]
[www.zavodmel.ru/lift-samyj-bezopasnyj-transport-v-mire/index.html]
[www.zavodmel.ru/wp-json/wp/v2/posts/11270.json]
[www.zavodmel.ru/wp-json/oembed/1.0/embed4dea.json]
[www.zavodmel.ru/wp-json/oembed/1.0/embed0780]
[www.zavodmel.ru/rubitek-mjel-intellektualnyj-vyzov-lifta/index.html]
[www.zavodmel.ru/wp-json/wp/v2/posts/11227.json]
[www.zavodmel.ru/wp-json/oembed/1.0/embed0d99.json]
[www.zavodmel.ru/wp-json/oembed/1.0/embedf604]
[www.zavodmel.ru/wp-content/uploads/2021/08/whatsapp-image-2021-08-06-at-16.05.25-1170x819.jpg]
[www.zavodmel.ru/v-chem-sekret-mnogoletnego-uspeha-zavoda-mjel/index.html]
[www.zavodmel.ru/author/admin/index.html]
[www.zavodmel.ru/wp-json/wp/v2/posts/11220.json]
[www.zavodmel.ru/wp-json/oembed/1.0/embed11e4.json]
[www.zavodmel.ru/wp-json/oembed/1.0/embedbd4d]
[www.zavodmel.ru/den-stroitelja/index.html]
[www.zavodmel.ru/wp-json/wp/v2/posts/11166.json]
[www.zavodmel.ru/wp-json/oembed/1.0/embed2115.json]
[www.zavodmel.ru/wp-json/oembed/1.0/embed52d6]
[www.zavodmel.ru/osnashhenie-zdanij-programmy-renovacii-liftami-kompanii-mjel/index.html]
[www.zavodmel.ru/wp-json/wp/v2/posts/11336.json]
[www.zavodmel.ru/wp-json/oembed/1.0/embed58a2.json]
[www.zavodmel.ru/wp-json/oembed/1.0/embed1dee]
[www.zavodmel.ru/pozdravljaem-s-jubileem/index.html]
[www.zavodmel.ru/wp-json/wp/v2/posts/11249.json]
[www.zavodmel.ru/wp-json/oembed/1.0/embed3f55.json]
[www.zavodmel.ru/wp-json/oembed/1.0/embed7da2]
[www.zavodmel.ru/wp-content/uploads/2021/09/img_6765-450x450.jpg]
[www.zavodmel.ru/obnovlenie-zavoda-mjel-prodolzhaetsja/index.html]
[www.zavodmel.ru/wp-json/wp/v2/posts/11138.json]
[www.zavodmel.ru/wp-json/oembed/1.0/embed9793.json]
[www.zavodmel.ru/wp-json/oembed/1.0/embed4326]
[www.zavodmel.ru/wp-content/uploads/2021/06/screenshot_2-450x450.png]
[www.zavodmel.ru/v-ramkah-vystavki-raw-2021-zavod-mjel-prinjal-uchastie-v-konkurse-proizvoditelej-liftovogo-oborudovanija/index.html]
[www.zavodmel.ru/author/ekaterina/index.html]
[www.zavodmel.ru/wp-json/wp/v2/posts/11135.json]
[www.zavodmel.ru/wp-json/oembed/1.0/embed2adc.json]
[www.zavodmel.ru/wp-json/oembed/1.0/embedfb0a]
[www.zavodmel.ru/wp-content/uploads/2021/06/screenshot_3-416x450.png]
[www.zavodmel.ru/jeto-10-ja-russian-elevator-week/index.html]
[www.zavodmel.ru/wp-json/wp/v2/posts/11131.json]
[www.zavodmel.ru/wp-json/oembed/1.0/embeddb7e.json]
[www.zavodmel.ru/wp-json/oembed/1.0/embed3626]
[www.zavodmel.ru/wp-content/uploads/2021/06/screenshot_1-423x450.png]
[www.zavodmel.ru/konec-fevralja-vydalsja-produktivnym-jarkim-fin/index.html]
[www.zavodmel.ru/wp-json/wp/v2/posts/11117.json]
[www.zavodmel.ru/wp-json/oembed/1.0/embedc4ea.json]
[www.zavodmel.ru/wp-json/oembed/1.0/embed9e79]
[www.zavodmel.ru/wp-content/uploads/2021/04/162896350_2786334738298820_2630949157507454682_n-450x450.jpg]
[www.zavodmel.ru/ne-snizhaem-aktivnost-posle-vystavok/index.html]
[www.zavodmel.ru/wp-json/wp/v2/posts/11112.json]
[www.zavodmel.ru/wp-json/oembed/1.0/embedbcf4.json]
[www.zavodmel.ru/wp-json/oembed/1.0/embedac2a]
[www.zavodmel.ru/vesennij-forum-zhkh-v-ufe/index.html]
[www.zavodmel.ru/wp-json/wp/v2/posts/10989.json]
[www.zavodmel.ru/wp-json/oembed/1.0/embedb0ef.json]
[www.zavodmel.ru/wp-json/oembed/1.0/embed978a]
[www.zavodmel.ru/wp-content/uploads/2020/12/155138316_1153141511797680_3206226539135194850_n-450x450.jpg]
[www.zavodmel.ru/s-dnem-jenergetika/index.html]
[www.zavodmel.ru/wp-json/wp/v2/posts/10970.json]
[www.zavodmel.ru/wp-json/oembed/1.0/embede6f5.json]
[www.zavodmel.ru/wp-json/oembed/1.0/embedb2b1]
[www.zavodmel.ru/wp-content/uploads/2020/12/iz1.jpg]
[www.zavodmel.ru/wp-content/uploads/2020/12/iz2.jpg]
[www.zavodmel.ru/wp-content/uploads/2020/12/iz3.jpg]
[www.zavodmel.ru/wp-content/uploads/2020/12/iz4.jpg]
[www.zavodmel.ru/wp-content/uploads/2020/12/iz5.jpg]
[www.zavodmel.ru/x-vserossijskij-sezd-rabotnikov-liftovogo-kompleksa/index.html]
[www.zavodmel.ru/category/uncategorized/page/2/index.html]
[www.zavodmel.ru/wp-json/wp/v2/posts/11343.json]
[www.zavodmel.ru/wp-json/oembed/1.0/embed3568.json]
[www.zavodmel.ru/wp-json/oembed/1.0/embed5935]
[www.zavodmel.ru/sovremennye-reshenija-dlja-gorodskih-jelektricheskih-setej/index.html]
[www.zavodmel.ru/wp-json/wp/v2/posts/11360.json]
[www.zavodmel.ru/wp-json/oembed/1.0/embed769e.json]
[www.zavodmel.ru/wp-json/oembed/1.0/embed9c3f]
[www.zavodmel.ru/zavod-ao-mjel-pozdravljaet-s-novym-godom-i-rozhdestvom/index.html]
[www.zavodmel.ru/wp-json/wp/v2/posts/11299.json]
[www.zavodmel.ru/wp-json/oembed/1.0/embed48ec.json]
[www.zavodmel.ru/wp-json/oembed/1.0/embed219a]
[www.zavodmel.ru/den-narodnogo-edinstva/index.html]
[www.zavodmel.ru/wp-json/wp/v2/posts/11372.json]
[www.zavodmel.ru/wp-json/oembed/1.0/embed282a.json]
[www.zavodmel.ru/wp-json/oembed/1.0/embed6e61]
[www.zavodmel.ru/novaja-razrabotka-ao-mjel-shkaf-s-avtotransformatorom-2/index.html]
[www.zavodmel.ru/wp-json/wp/v2/categories/85.json]
[www.zavodmel.ru/category/nvo/feed/index.html]
[www.zavodmel.ru/category/nvo/index.html]
[www.zavodmel.ru/wp-json/wp/v2/posts/10953.json]
[www.zavodmel.ru/wp-json/oembed/1.0/embed8d6f.json]
[www.zavodmel.ru/wp-json/oembed/1.0/embedb4c2]
[www.zavodmel.ru/wp-content/uploads/2020/12/mg_5353-1170x780.jpg]
[www.zavodmel.ru/wp-content/uploads/2020/12/mg_5363-1170x780.jpg]
[www.zavodmel.ru/wp-content/uploads/2020/12/mg_5392-1170x738.jpg]
[www.zavodmel.ru/kzhgt-rasshirjaet-granicy-socialnogo-partnerstva/index.html]
[www.zavodmel.ru/wp-json/wp/v2/posts/10961.json]
[www.zavodmel.ru/wp-json/oembed/1.0/embed7766.json]
[www.zavodmel.ru/wp-json/oembed/1.0/embedd1c9]
[www.zavodmel.ru/wp-content/uploads/2020/12/f35d2238-76bc-4247-b8c3-0d2e52fc2353.jpg]
[www.zavodmel.ru/wp-content/uploads/2020/12/f35d2238-76bc-4247-b8c3-0d2e52fc2353-450x300.jpg]
[www.zavodmel.ru/wp-content/uploads/2020/12/ca9e2762-5d85-444f-b6f6-9ec9ae8ac40a.jpg]
[www.zavodmel.ru/wp-content/uploads/2020/12/ca9e2762-5d85-444f-b6f6-9ec9ae8ac40a-450x338.jpg]
[www.zavodmel.ru/wp-content/uploads/2020/12/8e946850-8484-4d8b-8f50-d236022835d3.jpg]
[www.zavodmel.ru/wp-content/uploads/2020/12/8e946850-8484-4d8b-8f50-d236022835d3-450x300.jpg]
[www.zavodmel.ru/wp-content/uploads/2020/12/6427bf70-62a8-4355-b498-da45d91b15e6.jpg]
[www.zavodmel.ru/wp-content/uploads/2020/12/6427bf70-62a8-4355-b498-da45d91b15e6-450x208.jpg]
[www.zavodmel.ru/wp-content/uploads/2020/12/023071ba-fe80-45af-ad63-156898be207d.jpg]
[www.zavodmel.ru/wp-content/uploads/2020/12/023071ba-fe80-45af-ad63-156898be207d-450x300.jpg]
[www.zavodmel.ru/2020-100plus/index.html]
[file/users/khuorshed/Library/Group Containers/UBF8T346G9.Office/msoclip1/01/clip_image001.png]
